LTspice 24.1.10 for Windows
Circuit: E:\Radio\LTSpice\15m Balanced PA\Balanced_PA.net
Start Time: Mon Aug  3 18:20:18 2026
E:\Radio\LTSpice\15m Balanced PA\Balanced_PA.net(3): This pin name equals one of the port names of the sub-circuit, but at a different position. This is not a problem, but note that as a result none of the pin names may be used by any .meas expressions.
X§U1 N001 N008 N013 TMBT3904 ;§pnba 3)1)2
                                    ^
E:\Radio\LTSpice\15m Balanced PA\Balanced_PA.net(4): This pin name equals one of the port names of the sub-circuit, but at a different position. This is not a problem, but note that as a result none of the pin names may be used by any .meas expressions.
X§U2 N002 N009 N013 TMBT3904 ;§pnba 3)1)2
                                    ^
solver = Normal
Maximum thread count: 14
tnom = 27
temp = 27
method = trap
WARNING: Node n004 is floating.

Direct Newton iteration for .op point succeeded.
Total elapsed time: 7.339 seconds.

Files loaded:
E:\Radio\LTSpice\15m Balanced PA\Balanced_PA.net
C:\Users\jorge\AppData\Local\LTspice\lib\sub\Contrib\Toshiba\BJT\TMBT3904_enc.lib

